// Jest Snapshot v1, https://goo.gl/fbAQLP

exports[`RangeAggregation render initial state with all required props set 1`] = `
<AggregationBox
  action={
    <a
      onClick={[Function]}
    >
      Reset
    </a>
  }
  headerAction={null}
  name="Test"
>
  <div
    className="ma2"
  >
    <FlexibleXYPlot
      height={100}
      margin={
        Object {
          "bottom": 0,
          "left": 0,
          "right": 0,
          "top": 0,
        }
      }
      onMouseLeave={[Function]}
    >
      <VerticalRectSeries
        className=""
        colorType="literal"
        data={
          Array [
            Object {
              "color": "#fff",
              "x": 2010.5,
              "x0": 2009.5,
              "y": 1,
            },
            Object {
              "color": "#91d5ff",
              "x": 2011.5,
              "x0": 2010.5,
              "y": 2,
            },
            Object {
              "color": "#91d5ff",
              "x": 2012.5,
              "x0": 2011.5,
              "y": 3,
            },
          ]
        }
        onNearestX={[Function]}
        onValueClick={[Function]}
        stack={false}
        style={Object {}}
      />
    </FlexibleXYPlot>
    <Slider
      included={true}
      marks={
        Object {
          "2010": 2010,
          "2012": 2012,
        }
      }
      max={2012}
      min={2010}
      onAfterChange={[Function]}
      onChange={[Function]}
      prefixCls="ant-slider"
      range={true}
      tipFormatter={[Function]}
      tooltipPrefixCls="ant-tooltip"
      value={
        Array [
          2011,
          2012,
        ]
      }
    />
  </div>
</AggregationBox>
`;
