// Jest Snapshot v1, https://goo.gl/fbAQLP

exports[`ResultItem render initial state with all props set 1`] = `
<ContentBox
  actions={null}
  loading={false}
  title={null}
>
  <span>
    More
  </span>
  <span>
    Content
  </span>
</ContentBox>
`;
