// Jest Snapshot v1, https://goo.gl/fbAQLP

exports[`App renders initial state 1`] = `
<Adapter
  className="__App__"
>
  <Connect(Header) />
  <Adapter
    className="content"
  >
    <Switch
      id="main"
    >
      <Route
        component={[Function]}
        exact={true}
        path="/"
      />
      <Route
        component={[Function]}
        path="/user"
      />
      <Route
        component={[Function]}
        path="/holdingpen"
      />
      <Route
        component={[Function]}
        path="/literature"
      />
    </Switch>
  </Adapter>
  <Footer />
</Adapter>
`;
