// Jest Snapshot v1, https://goo.gl/fbAQLP

exports[`ArxivEprintList renders with arXiv id 1`] = `
<div
  className="__InlineList__"
>
  <span>
    e-Print
    : 
  </span>
  <ul
    className="separate-items"
  >
    <li
      key="123.12345"
    >
      <ArxivEprint
        eprint={
          Immutable.Map {
            value: "123.12345",
          }
        }
      />
    </li>
  </ul>
</div>
`;
