// Jest Snapshot v1, https://goo.gl/fbAQLP

exports[`CollapsableAbstract does not render if abstract is not passed 1`] = `""`;

exports[`CollapsableAbstract renders callapsed abstract 1`] = `
<Collapse
  bordered={false}
  className="bg-transparent"
  openAnimation={
    Object {
      "appear": [Function],
      "enter": [Function],
      "leave": [Function],
    }
  }
  prefixCls="ant-collapse"
>
  <CollapsePanel
    header="Abstract"
    style={
      Object {
        "border": 0,
      }
    }
  >
    <Latex>
      This abstract will be collapsed, but can be extended
    </Latex>
  </CollapsePanel>
</Collapse>
`;
