// Jest Snapshot v1, https://goo.gl/fbAQLP

exports[`ReportNumberList renders with report numbers 1`] = `
<div
  className="__InlineList__"
>
  <span>
    Report number
    : 
  </span>
  <ul
    className="separate-items-with-semicolon"
  >
    <li
      key="ABCD-AB-CD-1234-123"
    >
      <span>
        ABCD-AB-CD-1234-123
      </span>
    </li>
  </ul>
</div>
`;
