// Jest Snapshot v1, https://goo.gl/fbAQLP

exports[`SortByContainer renders initial state with initial url query sort param 1`] = `
<SelectBox
  defaultValue="mostrecent"
  onChange={[Function]}
  options={
    Array [
      Object {
        "display": "Most Recent",
        "value": "mostrecent",
      },
      Object {
        "display": "Most Cited",
        "value": "mostcited",
      },
    ]
  }
/>
`;
